// Jest Snapshot v1, https://goo.gl/fbAQLP

exports[`should render AddExpense 1`] = `undefined`;
