// Jest Snapshot v1, https://goo.gl/fbAQLP

exports[`should render Expense List Item  1`] = `
<div>
  <Connect(ExpensesSummary) />
  <Connect(ExpenseListFilters) />
  <Connect(ExpenseList) />
</div>
`;
