// Jest Snapshot v1, https://goo.gl/fbAQLP

exports[`should render Expense List Item  1`] = `
<div>
  404! - 
  <Link
    replace={false}
    to="/"
  >
    Go to Home page
  </Link>
</div>
`;
